head	1.1;
access;
symbols
	dbase22:1.1
	dbase21:1.1
	dbase20:1.1
	dbase19:1.1
	dbase18:1.1
	dbase17:1.1
	dbase04:1.1;
locks; strict;
comment	@# @;


1.1
date	97.02.17.14.05.39;	author flr;	state Exp;
branches;
next	;


desc
@@


1.1
log
@move *.c files to /c
@
text
@$!========================================================================
$!
$! Name      : DOC:MAKDBSEXE.COM
$!
$! Purpose   : make a .EXE for any program from DBSLIB library
$!
$! Arguments : P1 = program name : EPIOFMT, EPTODA,
$!                                 CARDAF , CHKCRD, DAFCAR,
$!                                 SBANK  , CREIND, HACPAR.
$!             P2 = DEB or NODEB
$!             P3 = additional .FOR or .OBJ
$!
$! Created   3-MAY-1990   
$!
$!========================================================================
$   ON ERROR     THEN $ GOTO EXIT
$  ON CONTROL_Y THEN $ GOTO EXIT
$ CERNLIB GENLIB
$ if P2 .eqs. "" then P2 = "NODEB"
$ ext = ""
$ if P2 .eqs. "DEB" then ext = "_D"
$RFOR: 
$ if P3 .eqs. "" then goto nof
$ FOR/DEB/NOOPT 'P3'
$nof:
$ROBJ:
$ if P3 .eqs. "" then goto nol
$ LINK/'P2'/EXE=DOC:'P1' 'P3',-
  DBSLIB:[000000]DBASE'ext'/LIB/INCLUDE=('P1',DAFRDS,DELAYP),-
  ALE:ALEPHLIB'ext'/LIB/INCLUDE=(BABEND),-
  ALE:BOS77'ext'/LIB/INCLUDE=(MDARD),-
  'LIB$'
$ goto EXIT
$nol:
$ LINK/'P2'/EXE=DOC:'P1' -
  DBSLIB:[000000]DBASE'ext'/LIB/INCLUDE=('P1',DAFRDS,DELAYP),-
  ALE:ALEPHLIB'ext'/LIB/INCLUDE=(BABEND),-
  ALE:BOS77'ext'/LIB/INCLUDE=(MDARD),-
  'LIB$'
$EXIT:
$   EXIT
@
